github.com:marmooo/marmooo.github.io
github.com:marmooo/kanji-meiro
github.com:marmooo/kana-meiro
github.com:marmooo/jukugo3-sagashi
github.com:marmooo/kana-sagashi
github.com:marmooo/kanji-siritori
github.com:marmooo/kana-siritori
github.com:marmooo/touch-de-kakijun
github.com:marmooo/tegaki-yomi
github.com:marmooo/talk-yomi
github.com:marmooo/type-yomi
github.com:marmooo/tegaki-kaki
github.com:marmooo/touch-kanji
github.com:marmooo/touch-shuji
github.com:marmooo/touch-shodo
github.com:marmooo/touch-50on
github.com:marmooo/kotoba-quiz
github.com:marmooo/dajare-ondoku
github.com:marmooo/hayakuchi-ondoku
github.com:marmooo/speecha
github.com:marmooo/vocabee
github.com:marmooo/sentency
github.com:marmooo/english-cheetsheet
github.com:marmooo/irregular-verbs
github.com:marmooo/gratalk
github.com:marmooo/grament
github.com:marmooo/touch-abc
github.com:marmooo/english-quiz
github.com:marmooo/talk-quiz-en
github.com:marmooo/type-numbers
github.com:marmooo/talk-numbers
github.com:marmooo/tegaki-abc
github.com:marmooo/talk-abc
github.com:marmooo/tegaki-phonics
github.com:marmooo/talk-phonics
github.com:marmooo/pronounce-dojo
github.com:marmooo/pronounce-talk
github.com:marmooo/calc-and-type
github.com:marmooo/calc-and-talk
github.com:marmooo/asmr-phonics
github.com:marmooo/asmr-english-words
github.com:marmooo/emoji-clicker
github.com:marmooo/emoji-concentration
github.com:marmooo/emoji-fill-hole
github.com:marmooo/emoji-typing
github.com:marmooo/tegaki-de-anzan
github.com:marmooo/type-de-anzan
github.com:marmooo/tegaki-100masu
github.com:marmooo/type-100masu
github.com:marmooo/tegaki-50masu
github.com:marmooo/type-50masu
github.com:marmooo/tegaki-kanji-search
github.com:marmooo/kanji-dict
github.com:marmooo/pppp-ja
github.com:marmooo/posp-ja
github.com:marmooo/postap-ja
github.com:marmooo/graded-vocab-ja
github.com:marmooo/graded-idioms-ja
github.com:marmooo/homonym-ja
github.com:marmooo/spelling-variants-ja
github.com:marmooo/wncc-ja
github.com:marmooo/wncc-en
github.com:marmooo/siminym-ja
github.com:marmooo/siminym-en
github.com:marmooo/siminym-zh
github.com:marmooo/rensole-ja
github.com:marmooo/rensole-en
github.com:marmooo/rensole-zh
github.com:marmooo/easy-timer
github.com:marmooo/flags-quiz
github.com:marmooo/world-map-puzzle
github.com:marmooo/japan-map-puzzle
github.com:marmooo/usa-map-puzzle
github.com:marmooo/china-map-puzzle
github.com:marmooo/india-map-puzzle
github.com:marmooo/hageda
github.com:marmooo/aiueo-typing
github.com:marmooo/kanji-typing
github.com:marmooo/kuku-typing
github.com:marmooo/abc-typing
github.com:marmooo/phonics-typing
github.com:marmooo/english-words-typing
github.com:marmooo/english-grammar-typing
github.com:marmooo/english-sentences-typing
github.com:marmooo/prefectures-typing
github.com:marmooo/shogi-beginners
github.com:marmooo/kifu-viewer
github.com:marmooo/chess-clock
github.com:marmooo/icon-search
github.com:marmooo/photo-scanner
github.com:marmooo/barcode-memo
github.com:marmooo/simple-QR
github.com:marmooo/tegaki-ime
github.com:marmooo/tts-demo
github.com:marmooo/tone-tts
github.com:marmooo/midi-tts
github.com:marmooo/yomico
github.com:marmooo/text-utils
github.com:marmooo/free-midi
github.com:marmooo/midi2abc
github.com:marmooo/waterfall-piano
github.com:marmooo/doremi-piano
github.com:marmooo/tip-tap-notes
github.com:marmooo/tip-tap-rhythm
