https://github.com/marmooo/marmooo.github.io
https://github.com/marmooo/kanji-meiro
https://github.com/marmooo/kana-meiro
https://github.com/marmooo/jukugo3-sagashi
https://github.com/marmooo/kana-sagashi
https://github.com/marmooo/kanji-siritori
https://github.com/marmooo/kana-siritori
https://github.com/marmooo/touch-de-kakijun
https://github.com/marmooo/tegaki-yomi
https://github.com/marmooo/talk-yomi
https://github.com/marmooo/touch-kanji
https://github.com/marmooo/touch-shuji
https://github.com/marmooo/touch-shodo
https://github.com/marmooo/touch-50on
https://github.com/marmooo/kotoba-quiz
https://github.com/marmooo/dajare-ondoku
https://github.com/marmooo/hayakuchi-ondoku
https://github.com/marmooo/speecha
https://github.com/marmooo/vocabee
https://github.com/marmooo/sentency
https://github.com/marmooo/english-cheetsheet
https://github.com/marmooo/irregular-verbs
https://github.com/marmooo/gratalk
https://github.com/marmooo/grament
https://github.com/marmooo/touch-abc
https://github.com/marmooo/english-quiz
https://github.com/marmooo/talk-quiz-en
https://github.com/marmooo/type-numbers
https://github.com/marmooo/talk-numbers
https://github.com/marmooo/tegaki-abc
https://github.com/marmooo/talk-abc
https://github.com/marmooo/tegaki-phonics
https://github.com/marmooo/talk-phonics
https://github.com/marmooo/pronounce-dojo
https://github.com/marmooo/pronounce-talk
https://github.com/marmooo/calc-and-type
https://github.com/marmooo/calc-and-talk
https://github.com/marmooo/asmr-phonics
https://github.com/marmooo/asmr-english-words
https://github.com/marmooo/emoji-clicker
https://github.com/marmooo/emoji-concentration
https://github.com/marmooo/emoji-fill-hole
https://github.com/marmooo/emoji-typing
https://github.com/marmooo/tegaki-de-anzan
https://github.com/marmooo/type-de-anzan
https://github.com/marmooo/tegaki-100masu
https://github.com/marmooo/type-100masu
https://github.com/marmooo/tegaki-kanji-search
https://github.com/marmooo/kanji-dict
https://github.com/marmooo/graded-vocab-ja
https://github.com/marmooo/graded-idioms-ja
https://github.com/marmooo/homonym-ja
https://github.com/marmooo/spelling-variants-ja
https://github.com/marmooo/wncc-ja
https://github.com/marmooo/wncc-en
https://github.com/marmooo/siminym-ja
https://github.com/marmooo/siminym-en
https://github.com/marmooo/siminym-zh
https://github.com/marmooo/rensole-ja
https://github.com/marmooo/rensole-en
https://github.com/marmooo/rensole-zh
https://github.com/marmooo/easy-timer
https://github.com/marmooo/flags-quiz
https://github.com/marmooo/hageda
https://github.com/marmooo/aiueo-typing
https://github.com/marmooo/kanji-typing
https://github.com/marmooo/kuku-typing
https://github.com/marmooo/abc-typing
https://github.com/marmooo/phonics-typing
https://github.com/marmooo/english-words-typing
https://github.com/marmooo/english-grammar-typing
https://github.com/marmooo/english-sentences-typing
https://github.com/marmooo/shogi-beginners
https://github.com/marmooo/kifu-viewer
https://github.com/marmooo/chess-clock
https://github.com/marmooo/icon-search
https://github.com/marmooo/photo-scanner
https://github.com/marmooo/barcode-memo
https://github.com/marmooo/simple-qr
https://github.com/marmooo/tegaki-ime
https://github.com/marmooo/tts-demo
https://github.com/marmooo/yomico
